Copyright 1986-2022 Xilinx, Inc. All Rights Reserved. Copyright 2022-2024 Advanced Micro Devices, Inc. All Rights Reserved.
---------------------------------------------------------------------------------------------------------------------------------------------
| Tool Version : Vivado v.2024.2 (win64) Build 5239630 Fri Nov 08 22:35:27 MST 2024
| Date         : Sun Feb  9 15:25:31 2025
| Host         : Ariqfadhh running 64-bit major release  (build 9200)
| Command      : report_utilization -hierarchical -hierarchical_depth 6 -file ./report/fast_ip_utilization_hierarchical_synth.rpt
| Design       : bd_0_wrapper
| Device       : xc7z020clg484-1
| Speed File   : -1
| Design State : Synthesized
---------------------------------------------------------------------------------------------------------------------------------------------

Utilization Design Information

Table of Contents
-----------------
1. Utilization by Hierarchy

1. Utilization by Hierarchy
---------------------------

+---------------------------------------------------------------------------------------------------+--------------------------------------------------------------------------------------------------------------+------------+------------+---------+------+-----+--------+--------+------------+
|                                              Instance                                             |                                                    Module                                                    | Total LUTs | Logic LUTs | LUTRAMs | SRLs | FFs | RAMB36 | RAMB18 | DSP Blocks |
+---------------------------------------------------------------------------------------------------+--------------------------------------------------------------------------------------------------------------+------------+------------+---------+------+-----+--------+--------+------------+
| bd_0_wrapper                                                                                      |                                                                                                        (top) |       1642 |       1638 |       0 |    4 | 657 |      0 |    112 |          0 |
|   bd_0_i                                                                                          |                                                                                                         bd_0 |       1642 |       1638 |       0 |    4 | 657 |      0 |    112 |          0 |
|     hls_inst                                                                                      |                                                                                              bd_0_hls_inst_0 |       1642 |       1638 |       0 |    4 | 657 |      0 |    112 |          0 |
|       (hls_inst)                                                                                  |                                                                                              bd_0_hls_inst_0 |          0 |          0 |       0 |    0 |   0 |      0 |      0 |          0 |
|       inst                                                                                        |                                                                                      bd_0_hls_inst_0_fast_ip |       1642 |       1638 |       0 |    4 | 657 |      0 |    112 |          0 |
|         (inst)                                                                                    |                                                                                      bd_0_hls_inst_0_fast_ip |         37 |         37 |       0 |    0 | 275 |      0 |      0 |          0 |
|         CONTROL_BUS_s_axi_U                                                                       |                                                                    bd_0_hls_inst_0_fast_ip_CONTROL_BUS_s_axi |        224 |        224 |       0 |    0 | 125 |      0 |      0 |          0 |
|         grp_fast_ip_Pipeline_col_loop_fu_328                                                      |                                                            bd_0_hls_inst_0_fast_ip_fast_ip_Pipeline_col_loop |       1328 |       1324 |       0 |    4 | 214 |      0 |    112 |          0 |
|           (grp_fast_ip_Pipeline_col_loop_fu_328)                                                  |                                                            bd_0_hls_inst_0_fast_ip_fast_ip_Pipeline_col_loop |         71 |         67 |       0 |    4 | 212 |      0 |      0 |          0 |
|           flow_control_loop_pipe_sequential_init_U                                                |                                               bd_0_hls_inst_0_fast_ip_flow_control_loop_pipe_sequential_init |        134 |        134 |       0 |    0 |   2 |      0 |      0 |          0 |
|           p_ZZ7fast_ipRN3hls6streamINS_4axisI7ap_uintILi32EELm0ELm0ELm0ELh56ELb0EEELi0EEES6_10_U  |     bd_0_hls_inst_0_fast_ip_fast_ip_Pipeline_col_loop_p_ZZ7fast_ipRN3hls6streamINS_4axisI7ap_uintILi32EELbkb |          9 |          9 |       0 |    0 |   0 |      0 |      1 |          0 |
|           p_ZZ7fast_ipRN3hls6streamINS_4axisI7ap_uintILi32EELm0ELm0ELm0ELh56ELb0EEELi0EEES6_111_U |     bd_0_hls_inst_0_fast_ip_fast_ip_Pipeline_col_loop_p_ZZ7fast_ipRN3hls6streamINS_4axisI7ap_uintILi32EELbJp |         17 |         17 |       0 |    0 |   0 |      0 |      1 |          0 |
|           p_ZZ7fast_ipRN3hls6streamINS_4axisI7ap_uintILi32EELm0ELm0ELm0ELh56ELb0EEELi0EEES6_112_U |   bd_0_hls_inst_0_fast_ip_fast_ip_Pipeline_col_loop_p_ZZ7fast_ipRN3hls6streamINS_4axisI7ap_uintILi32EELbJp_2 |          9 |          9 |       0 |    0 |   0 |      0 |      1 |          0 |
|           p_ZZ7fast_ipRN3hls6streamINS_4axisI7ap_uintILi32EELm0ELm0ELm0ELh56ELb0EEELi0EEES6_113_U |   bd_0_hls_inst_0_fast_ip_fast_ip_Pipeline_col_loop_p_ZZ7fast_ipRN3hls6streamINS_4axisI7ap_uintILi32EELbJp_3 |         17 |         17 |       0 |    0 |   0 |      0 |      1 |          0 |
|           p_ZZ7fast_ipRN3hls6streamINS_4axisI7ap_uintILi32EELm0ELm0ELm0ELh56ELb0EEELi0EEES6_114_U |   bd_0_hls_inst_0_fast_ip_fast_ip_Pipeline_col_loop_p_ZZ7fast_ipRN3hls6streamINS_4axisI7ap_uintILi32EELbJp_4 |          9 |          9 |       0 |    0 |   0 |      0 |      1 |          0 |
|           p_ZZ7fast_ipRN3hls6streamINS_4axisI7ap_uintILi32EELm0ELm0ELm0ELh56ELb0EEELi0EEES6_115_U |   bd_0_hls_inst_0_fast_ip_fast_ip_Pipeline_col_loop_p_ZZ7fast_ipRN3hls6streamINS_4axisI7ap_uintILi32EELbJp_5 |         17 |         17 |       0 |    0 |   0 |      0 |      1 |          0 |
|           p_ZZ7fast_ipRN3hls6streamINS_4axisI7ap_uintILi32EELm0ELm0ELm0ELh56ELb0EEELi0EEES6_116_U |   bd_0_hls_inst_0_fast_ip_fast_ip_Pipeline_col_loop_p_ZZ7fast_ipRN3hls6streamINS_4axisI7ap_uintILi32EELbJp_6 |          8 |          8 |       0 |    0 |   0 |      0 |      1 |          0 |
|           p_ZZ7fast_ipRN3hls6streamINS_4axisI7ap_uintILi32EELm0ELm0ELm0ELh56ELb0EEELi0EEES6_117_U |   bd_0_hls_inst_0_fast_ip_fast_ip_Pipeline_col_loop_p_ZZ7fast_ipRN3hls6streamINS_4axisI7ap_uintILi32EELbJp_7 |         17 |         17 |       0 |    0 |   0 |      0 |      1 |          0 |
|           p_ZZ7fast_ipRN3hls6streamINS_4axisI7ap_uintILi32EELm0ELm0ELm0ELh56ELb0EEELi0EEES6_118_U |   bd_0_hls_inst_0_fast_ip_fast_ip_Pipeline_col_loop_p_ZZ7fast_ipRN3hls6streamINS_4axisI7ap_uintILi32EELbJp_8 |         10 |         10 |       0 |    0 |   0 |      0 |      1 |          0 |
|           p_ZZ7fast_ipRN3hls6streamINS_4axisI7ap_uintILi32EELm0ELm0ELm0ELh56ELb0EEELi0EEES6_119_U |   bd_0_hls_inst_0_fast_ip_fast_ip_Pipeline_col_loop_p_ZZ7fast_ipRN3hls6streamINS_4axisI7ap_uintILi32EELbJp_9 |         25 |         25 |       0 |    0 |   0 |      0 |      1 |          0 |
|           p_ZZ7fast_ipRN3hls6streamINS_4axisI7ap_uintILi32EELm0ELm0ELm0ELh56ELb0EEELi0EEES6_11_U  |  bd_0_hls_inst_0_fast_ip_fast_ip_Pipeline_col_loop_p_ZZ7fast_ipRN3hls6streamINS_4axisI7ap_uintILi32EELbkb_10 |         17 |         17 |       0 |    0 |   0 |      0 |      1 |          0 |
|           p_ZZ7fast_ipRN3hls6streamINS_4axisI7ap_uintILi32EELm0ELm0ELm0ELh56ELb0EEELi0EEES6_120_U |  bd_0_hls_inst_0_fast_ip_fast_ip_Pipeline_col_loop_p_ZZ7fast_ipRN3hls6streamINS_4axisI7ap_uintILi32EELbJp_11 |         18 |         18 |       0 |    0 |   0 |      0 |      1 |          0 |
|           p_ZZ7fast_ipRN3hls6streamINS_4axisI7ap_uintILi32EELm0ELm0ELm0ELh56ELb0EEELi0EEES6_121_U |  bd_0_hls_inst_0_fast_ip_fast_ip_Pipeline_col_loop_p_ZZ7fast_ipRN3hls6streamINS_4axisI7ap_uintILi32EELbJp_12 |         26 |         26 |       0 |    0 |   0 |      0 |      1 |          0 |
|           p_ZZ7fast_ipRN3hls6streamINS_4axisI7ap_uintILi32EELm0ELm0ELm0ELh56ELb0EEELi0EEES6_122_U |  bd_0_hls_inst_0_fast_ip_fast_ip_Pipeline_col_loop_p_ZZ7fast_ipRN3hls6streamINS_4axisI7ap_uintILi32EELbJp_13 |          9 |          9 |       0 |    0 |   0 |      0 |      1 |          0 |
|           p_ZZ7fast_ipRN3hls6streamINS_4axisI7ap_uintILi32EELm0ELm0ELm0ELh56ELb0EEELi0EEES6_12_U  |  bd_0_hls_inst_0_fast_ip_fast_ip_Pipeline_col_loop_p_ZZ7fast_ipRN3hls6streamINS_4axisI7ap_uintILi32EELbkb_14 |         17 |         17 |       0 |    0 |   0 |      0 |      1 |          0 |
|           p_ZZ7fast_ipRN3hls6streamINS_4axisI7ap_uintILi32EELm0ELm0ELm0ELh56ELb0EEELi0EEES6_13_U  |  bd_0_hls_inst_0_fast_ip_fast_ip_Pipeline_col_loop_p_ZZ7fast_ipRN3hls6streamINS_4axisI7ap_uintILi32EELbkb_15 |         17 |         17 |       0 |    0 |   0 |      0 |      1 |          0 |
|           p_ZZ7fast_ipRN3hls6streamINS_4axisI7ap_uintILi32EELm0ELm0ELm0ELh56ELb0EEELi0EEES6_14_U  |  bd_0_hls_inst_0_fast_ip_fast_ip_Pipeline_col_loop_p_ZZ7fast_ipRN3hls6streamINS_4axisI7ap_uintILi32EELbkb_16 |         15 |         15 |       0 |    0 |   0 |      0 |      1 |          0 |
|           p_ZZ7fast_ipRN3hls6streamINS_4axisI7ap_uintILi32EELm0ELm0ELm0ELh56ELb0EEELi0EEES6_15_U  |  bd_0_hls_inst_0_fast_ip_fast_ip_Pipeline_col_loop_p_ZZ7fast_ipRN3hls6streamINS_4axisI7ap_uintILi32EELbkb_17 |         17 |         17 |       0 |    0 |   0 |      0 |      1 |          0 |
|           p_ZZ7fast_ipRN3hls6streamINS_4axisI7ap_uintILi32EELm0ELm0ELm0ELh56ELb0EEELi0EEES6_16_U  |  bd_0_hls_inst_0_fast_ip_fast_ip_Pipeline_col_loop_p_ZZ7fast_ipRN3hls6streamINS_4axisI7ap_uintILi32EELbkb_18 |          9 |          9 |       0 |    0 |   0 |      0 |      1 |          0 |
|           p_ZZ7fast_ipRN3hls6streamINS_4axisI7ap_uintILi32EELm0ELm0ELm0ELh56ELb0EEELi0EEES6_17_U  |  bd_0_hls_inst_0_fast_ip_fast_ip_Pipeline_col_loop_p_ZZ7fast_ipRN3hls6streamINS_4axisI7ap_uintILi32EELbkb_19 |          0 |          0 |       0 |    0 |   0 |      0 |      1 |          0 |
|           p_ZZ7fast_ipRN3hls6streamINS_4axisI7ap_uintILi32EELm0ELm0ELm0ELh56ELb0EEELi0EEES6_18_U  |  bd_0_hls_inst_0_fast_ip_fast_ip_Pipeline_col_loop_p_ZZ7fast_ipRN3hls6streamINS_4axisI7ap_uintILi32EELbkb_20 |          8 |          8 |       0 |    0 |   0 |      0 |      1 |          0 |
|           p_ZZ7fast_ipRN3hls6streamINS_4axisI7ap_uintILi32EELm0ELm0ELm0ELh56ELb0EEELi0EEES6_19_U  |  bd_0_hls_inst_0_fast_ip_fast_ip_Pipeline_col_loop_p_ZZ7fast_ipRN3hls6streamINS_4axisI7ap_uintILi32EELbkb_21 |          0 |          0 |       0 |    0 |   0 |      0 |      1 |          0 |
|           p_ZZ7fast_ipRN3hls6streamINS_4axisI7ap_uintILi32EELm0ELm0ELm0ELh56ELb0EEELi0EEES6_1_U   |  bd_0_hls_inst_0_fast_ip_fast_ip_Pipeline_col_loop_p_ZZ7fast_ipRN3hls6streamINS_4axisI7ap_uintILi32EELbkb_22 |         17 |         17 |       0 |    0 |   0 |      0 |      1 |          0 |
|           p_ZZ7fast_ipRN3hls6streamINS_4axisI7ap_uintILi32EELm0ELm0ELm0ELh56ELb0EEELi0EEES6_20_U  |  bd_0_hls_inst_0_fast_ip_fast_ip_Pipeline_col_loop_p_ZZ7fast_ipRN3hls6streamINS_4axisI7ap_uintILi32EELbkb_23 |          8 |          8 |       0 |    0 |   0 |      0 |      1 |          0 |
|           p_ZZ7fast_ipRN3hls6streamINS_4axisI7ap_uintILi32EELm0ELm0ELm0ELh56ELb0EEELi0EEES6_21_U  |  bd_0_hls_inst_0_fast_ip_fast_ip_Pipeline_col_loop_p_ZZ7fast_ipRN3hls6streamINS_4axisI7ap_uintILi32EELbkb_24 |          0 |          0 |       0 |    0 |   0 |      0 |      1 |          0 |
|           p_ZZ7fast_ipRN3hls6streamINS_4axisI7ap_uintILi32EELm0ELm0ELm0ELh56ELb0EEELi0EEES6_22_U  |  bd_0_hls_inst_0_fast_ip_fast_ip_Pipeline_col_loop_p_ZZ7fast_ipRN3hls6streamINS_4axisI7ap_uintILi32EELbkb_25 |          8 |          8 |       0 |    0 |   0 |      0 |      1 |          0 |
|           p_ZZ7fast_ipRN3hls6streamINS_4axisI7ap_uintILi32EELm0ELm0ELm0ELh56ELb0EEELi0EEES6_23_U  |  bd_0_hls_inst_0_fast_ip_fast_ip_Pipeline_col_loop_p_ZZ7fast_ipRN3hls6streamINS_4axisI7ap_uintILi32EELbkb_26 |          0 |          0 |       0 |    0 |   0 |      0 |      1 |          0 |
|           p_ZZ7fast_ipRN3hls6streamINS_4axisI7ap_uintILi32EELm0ELm0ELm0ELh56ELb0EEELi0EEES6_24_U  |  bd_0_hls_inst_0_fast_ip_fast_ip_Pipeline_col_loop_p_ZZ7fast_ipRN3hls6streamINS_4axisI7ap_uintILi32EELbkb_27 |          9 |          9 |       0 |    0 |   0 |      0 |      1 |          0 |
|           p_ZZ7fast_ipRN3hls6streamINS_4axisI7ap_uintILi32EELm0ELm0ELm0ELh56ELb0EEELi0EEES6_25_U  |  bd_0_hls_inst_0_fast_ip_fast_ip_Pipeline_col_loop_p_ZZ7fast_ipRN3hls6streamINS_4axisI7ap_uintILi32EELbkb_28 |          1 |          1 |       0 |    0 |   0 |      0 |      1 |          0 |
|           p_ZZ7fast_ipRN3hls6streamINS_4axisI7ap_uintILi32EELm0ELm0ELm0ELh56ELb0EEELi0EEES6_26_U  |  bd_0_hls_inst_0_fast_ip_fast_ip_Pipeline_col_loop_p_ZZ7fast_ipRN3hls6streamINS_4axisI7ap_uintILi32EELbkb_29 |         25 |         25 |       0 |    0 |   0 |      0 |      1 |          0 |
|           p_ZZ7fast_ipRN3hls6streamINS_4axisI7ap_uintILi32EELm0ELm0ELm0ELh56ELb0EEELi0EEES6_27_U  |  bd_0_hls_inst_0_fast_ip_fast_ip_Pipeline_col_loop_p_ZZ7fast_ipRN3hls6streamINS_4axisI7ap_uintILi32EELbkb_30 |          0 |          0 |       0 |    0 |   0 |      0 |      1 |          0 |
|           p_ZZ7fast_ipRN3hls6streamINS_4axisI7ap_uintILi32EELm0ELm0ELm0ELh56ELb0EEELi0EEES6_28_U  |  bd_0_hls_inst_0_fast_ip_fast_ip_Pipeline_col_loop_p_ZZ7fast_ipRN3hls6streamINS_4axisI7ap_uintILi32EELbkb_31 |          8 |          8 |       0 |    0 |   0 |      0 |      1 |          0 |
|           p_ZZ7fast_ipRN3hls6streamINS_4axisI7ap_uintILi32EELm0ELm0ELm0ELh56ELb0EEELi0EEES6_29_U  |  bd_0_hls_inst_0_fast_ip_fast_ip_Pipeline_col_loop_p_ZZ7fast_ipRN3hls6streamINS_4axisI7ap_uintILi32EELbkb_32 |          0 |          0 |       0 |    0 |   0 |      0 |      1 |          0 |
|           p_ZZ7fast_ipRN3hls6streamINS_4axisI7ap_uintILi32EELm0ELm0ELm0ELh56ELb0EEELi0EEES6_2_U   |  bd_0_hls_inst_0_fast_ip_fast_ip_Pipeline_col_loop_p_ZZ7fast_ipRN3hls6streamINS_4axisI7ap_uintILi32EELbkb_33 |         21 |         21 |       0 |    0 |   0 |      0 |      1 |          0 |
|           p_ZZ7fast_ipRN3hls6streamINS_4axisI7ap_uintILi32EELm0ELm0ELm0ELh56ELb0EEELi0EEES6_30_U  |  bd_0_hls_inst_0_fast_ip_fast_ip_Pipeline_col_loop_p_ZZ7fast_ipRN3hls6streamINS_4axisI7ap_uintILi32EELbkb_34 |         24 |         24 |       0 |    0 |   0 |      0 |      1 |          0 |
|           p_ZZ7fast_ipRN3hls6streamINS_4axisI7ap_uintILi32EELm0ELm0ELm0ELh56ELb0EEELi0EEES6_31_U  |  bd_0_hls_inst_0_fast_ip_fast_ip_Pipeline_col_loop_p_ZZ7fast_ipRN3hls6streamINS_4axisI7ap_uintILi32EELbkb_35 |          0 |          0 |       0 |    0 |   0 |      0 |      1 |          0 |
|           p_ZZ7fast_ipRN3hls6streamINS_4axisI7ap_uintILi32EELm0ELm0ELm0ELh56ELb0EEELi0EEES6_32_U  |  bd_0_hls_inst_0_fast_ip_fast_ip_Pipeline_col_loop_p_ZZ7fast_ipRN3hls6streamINS_4axisI7ap_uintILi32EELbkb_36 |          0 |          0 |       0 |    0 |   0 |      0 |      1 |          0 |
|           p_ZZ7fast_ipRN3hls6streamINS_4axisI7ap_uintILi32EELm0ELm0ELm0ELh56ELb0EEELi0EEES6_33_U  |  bd_0_hls_inst_0_fast_ip_fast_ip_Pipeline_col_loop_p_ZZ7fast_ipRN3hls6streamINS_4axisI7ap_uintILi32EELbkb_37 |          8 |          8 |       0 |    0 |   0 |      0 |      1 |          0 |
|           p_ZZ7fast_ipRN3hls6streamINS_4axisI7ap_uintILi32EELm0ELm0ELm0ELh56ELb0EEELi0EEES6_34_U  |  bd_0_hls_inst_0_fast_ip_fast_ip_Pipeline_col_loop_p_ZZ7fast_ipRN3hls6streamINS_4axisI7ap_uintILi32EELbkb_38 |          8 |          8 |       0 |    0 |   0 |      0 |      1 |          0 |
|           p_ZZ7fast_ipRN3hls6streamINS_4axisI7ap_uintILi32EELm0ELm0ELm0ELh56ELb0EEELi0EEES6_35_U  |  bd_0_hls_inst_0_fast_ip_fast_ip_Pipeline_col_loop_p_ZZ7fast_ipRN3hls6streamINS_4axisI7ap_uintILi32EELbkb_39 |         16 |         16 |       0 |    0 |   0 |      0 |      1 |          0 |
|           p_ZZ7fast_ipRN3hls6streamINS_4axisI7ap_uintILi32EELm0ELm0ELm0ELh56ELb0EEELi0EEES6_36_U  |  bd_0_hls_inst_0_fast_ip_fast_ip_Pipeline_col_loop_p_ZZ7fast_ipRN3hls6streamINS_4axisI7ap_uintILi32EELbkb_40 |          0 |          0 |       0 |    0 |   0 |      0 |      1 |          0 |
|           p_ZZ7fast_ipRN3hls6streamINS_4axisI7ap_uintILi32EELm0ELm0ELm0ELh56ELb0EEELi0EEES6_37_U  |  bd_0_hls_inst_0_fast_ip_fast_ip_Pipeline_col_loop_p_ZZ7fast_ipRN3hls6streamINS_4axisI7ap_uintILi32EELbkb_41 |          8 |          8 |       0 |    0 |   0 |      0 |      1 |          0 |
|           p_ZZ7fast_ipRN3hls6streamINS_4axisI7ap_uintILi32EELm0ELm0ELm0ELh56ELb0EEELi0EEES6_38_U  |  bd_0_hls_inst_0_fast_ip_fast_ip_Pipeline_col_loop_p_ZZ7fast_ipRN3hls6streamINS_4axisI7ap_uintILi32EELbkb_42 |          8 |          8 |       0 |    0 |   0 |      0 |      1 |          0 |
|           p_ZZ7fast_ipRN3hls6streamINS_4axisI7ap_uintILi32EELm0ELm0ELm0ELh56ELb0EEELi0EEES6_39_U  |  bd_0_hls_inst_0_fast_ip_fast_ip_Pipeline_col_loop_p_ZZ7fast_ipRN3hls6streamINS_4axisI7ap_uintILi32EELbkb_43 |          8 |          8 |       0 |    0 |   0 |      0 |      1 |          0 |
|           p_ZZ7fast_ipRN3hls6streamINS_4axisI7ap_uintILi32EELm0ELm0ELm0ELh56ELb0EEELi0EEES6_3_U   |  bd_0_hls_inst_0_fast_ip_fast_ip_Pipeline_col_loop_p_ZZ7fast_ipRN3hls6streamINS_4axisI7ap_uintILi32EELbkb_44 |         17 |         17 |       0 |    0 |   0 |      0 |      1 |          0 |
|           p_ZZ7fast_ipRN3hls6streamINS_4axisI7ap_uintILi32EELm0ELm0ELm0ELh56ELb0EEELi0EEES6_40_U  |  bd_0_hls_inst_0_fast_ip_fast_ip_Pipeline_col_loop_p_ZZ7fast_ipRN3hls6streamINS_4axisI7ap_uintILi32EELbkb_45 |          9 |          9 |       0 |    0 |   0 |      0 |      1 |          0 |
|           p_ZZ7fast_ipRN3hls6streamINS_4axisI7ap_uintILi32EELm0ELm0ELm0ELh56ELb0EEELi0EEES6_41_U  |  bd_0_hls_inst_0_fast_ip_fast_ip_Pipeline_col_loop_p_ZZ7fast_ipRN3hls6streamINS_4axisI7ap_uintILi32EELbkb_46 |          8 |          8 |       0 |    0 |   0 |      0 |      1 |          0 |
|           p_ZZ7fast_ipRN3hls6streamINS_4axisI7ap_uintILi32EELm0ELm0ELm0ELh56ELb0EEELi0EEES6_42_U  |  bd_0_hls_inst_0_fast_ip_fast_ip_Pipeline_col_loop_p_ZZ7fast_ipRN3hls6streamINS_4axisI7ap_uintILi32EELbkb_47 |          0 |          0 |       0 |    0 |   0 |      0 |      1 |          0 |
|           p_ZZ7fast_ipRN3hls6streamINS_4axisI7ap_uintILi32EELm0ELm0ELm0ELh56ELb0EEELi0EEES6_43_U  |  bd_0_hls_inst_0_fast_ip_fast_ip_Pipeline_col_loop_p_ZZ7fast_ipRN3hls6streamINS_4axisI7ap_uintILi32EELbkb_48 |          8 |          8 |       0 |    0 |   0 |      0 |      1 |          0 |
|           p_ZZ7fast_ipRN3hls6streamINS_4axisI7ap_uintILi32EELm0ELm0ELm0ELh56ELb0EEELi0EEES6_44_U  |  bd_0_hls_inst_0_fast_ip_fast_ip_Pipeline_col_loop_p_ZZ7fast_ipRN3hls6streamINS_4axisI7ap_uintILi32EELbkb_49 |          8 |          8 |       0 |    0 |   0 |      0 |      1 |          0 |
|           p_ZZ7fast_ipRN3hls6streamINS_4axisI7ap_uintILi32EELm0ELm0ELm0ELh56ELb0EEELi0EEES6_45_U  |  bd_0_hls_inst_0_fast_ip_fast_ip_Pipeline_col_loop_p_ZZ7fast_ipRN3hls6streamINS_4axisI7ap_uintILi32EELbkb_50 |          8 |          8 |       0 |    0 |   0 |      0 |      1 |          0 |
|           p_ZZ7fast_ipRN3hls6streamINS_4axisI7ap_uintILi32EELm0ELm0ELm0ELh56ELb0EEELi0EEES6_46_U  |  bd_0_hls_inst_0_fast_ip_fast_ip_Pipeline_col_loop_p_ZZ7fast_ipRN3hls6streamINS_4axisI7ap_uintILi32EELbkb_51 |          0 |          0 |       0 |    0 |   0 |      0 |      1 |          0 |
|           p_ZZ7fast_ipRN3hls6streamINS_4axisI7ap_uintILi32EELm0ELm0ELm0ELh56ELb0EEELi0EEES6_47_U  |  bd_0_hls_inst_0_fast_ip_fast_ip_Pipeline_col_loop_p_ZZ7fast_ipRN3hls6streamINS_4axisI7ap_uintILi32EELbkb_52 |         16 |         16 |       0 |    0 |   0 |      0 |      1 |          0 |
|           p_ZZ7fast_ipRN3hls6streamINS_4axisI7ap_uintILi32EELm0ELm0ELm0ELh56ELb0EEELi0EEES6_48_U  |  bd_0_hls_inst_0_fast_ip_fast_ip_Pipeline_col_loop_p_ZZ7fast_ipRN3hls6streamINS_4axisI7ap_uintILi32EELbkb_53 |          0 |          0 |       0 |    0 |   0 |      0 |      1 |          0 |
|           p_ZZ7fast_ipRN3hls6streamINS_4axisI7ap_uintILi32EELm0ELm0ELm0ELh56ELb0EEELi0EEES6_49_U  |  bd_0_hls_inst_0_fast_ip_fast_ip_Pipeline_col_loop_p_ZZ7fast_ipRN3hls6streamINS_4axisI7ap_uintILi32EELbkb_54 |          8 |          8 |       0 |    0 |   0 |      0 |      1 |          0 |
|           p_ZZ7fast_ipRN3hls6streamINS_4axisI7ap_uintILi32EELm0ELm0ELm0ELh56ELb0EEELi0EEES6_4_U   |  bd_0_hls_inst_0_fast_ip_fast_ip_Pipeline_col_loop_p_ZZ7fast_ipRN3hls6streamINS_4axisI7ap_uintILi32EELbkb_55 |         15 |         15 |       0 |    0 |   0 |      0 |      1 |          0 |
|           p_ZZ7fast_ipRN3hls6streamINS_4axisI7ap_uintILi32EELm0ELm0ELm0ELh56ELb0EEELi0EEES6_50_U  |  bd_0_hls_inst_0_fast_ip_fast_ip_Pipeline_col_loop_p_ZZ7fast_ipRN3hls6streamINS_4axisI7ap_uintILi32EELbkb_56 |          8 |          8 |       0 |    0 |   0 |      0 |      1 |          0 |
|           p_ZZ7fast_ipRN3hls6streamINS_4axisI7ap_uintILi32EELm0ELm0ELm0ELh56ELb0EEELi0EEES6_51_U  |  bd_0_hls_inst_0_fast_ip_fast_ip_Pipeline_col_loop_p_ZZ7fast_ipRN3hls6streamINS_4axisI7ap_uintILi32EELbkb_57 |         16 |         16 |       0 |    0 |   0 |      0 |      1 |          0 |
|           p_ZZ7fast_ipRN3hls6streamINS_4axisI7ap_uintILi32EELm0ELm0ELm0ELh56ELb0EEELi0EEES6_52_U  |  bd_0_hls_inst_0_fast_ip_fast_ip_Pipeline_col_loop_p_ZZ7fast_ipRN3hls6streamINS_4axisI7ap_uintILi32EELbkb_58 |          0 |          0 |       0 |    0 |   0 |      0 |      1 |          0 |
|           p_ZZ7fast_ipRN3hls6streamINS_4axisI7ap_uintILi32EELm0ELm0ELm0ELh56ELb0EEELi0EEES6_53_U  |  bd_0_hls_inst_0_fast_ip_fast_ip_Pipeline_col_loop_p_ZZ7fast_ipRN3hls6streamINS_4axisI7ap_uintILi32EELbkb_59 |          8 |          8 |       0 |    0 |   0 |      0 |      1 |          0 |
|           p_ZZ7fast_ipRN3hls6streamINS_4axisI7ap_uintILi32EELm0ELm0ELm0ELh56ELb0EEELi0EEES6_54_U  |  bd_0_hls_inst_0_fast_ip_fast_ip_Pipeline_col_loop_p_ZZ7fast_ipRN3hls6streamINS_4axisI7ap_uintILi32EELbkb_60 |          8 |          8 |       0 |    0 |   0 |      0 |      1 |          0 |
|           p_ZZ7fast_ipRN3hls6streamINS_4axisI7ap_uintILi32EELm0ELm0ELm0ELh56ELb0EEELi0EEES6_55_U  |  bd_0_hls_inst_0_fast_ip_fast_ip_Pipeline_col_loop_p_ZZ7fast_ipRN3hls6streamINS_4axisI7ap_uintILi32EELbkb_61 |          8 |          8 |       0 |    0 |   0 |      0 |      1 |          0 |
|           p_ZZ7fast_ipRN3hls6streamINS_4axisI7ap_uintILi32EELm0ELm0ELm0ELh56ELb0EEELi0EEES6_56_U  |  bd_0_hls_inst_0_fast_ip_fast_ip_Pipeline_col_loop_p_ZZ7fast_ipRN3hls6streamINS_4axisI7ap_uintILi32EELbkb_62 |          9 |          9 |       0 |    0 |   0 |      0 |      1 |          0 |
|           p_ZZ7fast_ipRN3hls6streamINS_4axisI7ap_uintILi32EELm0ELm0ELm0ELh56ELb0EEELi0EEES6_57_U  |  bd_0_hls_inst_0_fast_ip_fast_ip_Pipeline_col_loop_p_ZZ7fast_ipRN3hls6streamINS_4axisI7ap_uintILi32EELbkb_63 |          8 |          8 |       0 |    0 |   0 |      0 |      1 |          0 |
|           p_ZZ7fast_ipRN3hls6streamINS_4axisI7ap_uintILi32EELm0ELm0ELm0ELh56ELb0EEELi0EEES6_58_U  |  bd_0_hls_inst_0_fast_ip_fast_ip_Pipeline_col_loop_p_ZZ7fast_ipRN3hls6streamINS_4axisI7ap_uintILi32EELbkb_64 |          0 |          0 |       0 |    0 |   0 |      0 |      1 |          0 |
|           p_ZZ7fast_ipRN3hls6streamINS_4axisI7ap_uintILi32EELm0ELm0ELm0ELh56ELb0EEELi0EEES6_59_U  |  bd_0_hls_inst_0_fast_ip_fast_ip_Pipeline_col_loop_p_ZZ7fast_ipRN3hls6streamINS_4axisI7ap_uintILi32EELbkb_65 |          8 |          8 |       0 |    0 |   0 |      0 |      1 |          0 |
|           p_ZZ7fast_ipRN3hls6streamINS_4axisI7ap_uintILi32EELm0ELm0ELm0ELh56ELb0EEELi0EEES6_5_U   |  bd_0_hls_inst_0_fast_ip_fast_ip_Pipeline_col_loop_p_ZZ7fast_ipRN3hls6streamINS_4axisI7ap_uintILi32EELbkb_66 |         25 |         25 |       0 |    0 |   0 |      0 |      1 |          0 |
|           p_ZZ7fast_ipRN3hls6streamINS_4axisI7ap_uintILi32EELm0ELm0ELm0ELh56ELb0EEELi0EEES6_60_U  |  bd_0_hls_inst_0_fast_ip_fast_ip_Pipeline_col_loop_p_ZZ7fast_ipRN3hls6streamINS_4axisI7ap_uintILi32EELbkb_67 |          8 |          8 |       0 |    0 |   0 |      0 |      1 |          0 |
|           p_ZZ7fast_ipRN3hls6streamINS_4axisI7ap_uintILi32EELm0ELm0ELm0ELh56ELb0EEELi0EEES6_61_U  |  bd_0_hls_inst_0_fast_ip_fast_ip_Pipeline_col_loop_p_ZZ7fast_ipRN3hls6streamINS_4axisI7ap_uintILi32EELbkb_68 |          8 |          8 |       0 |    0 |   0 |      0 |      1 |          0 |
|           p_ZZ7fast_ipRN3hls6streamINS_4axisI7ap_uintILi32EELm0ELm0ELm0ELh56ELb0EEELi0EEES6_62_U  |  bd_0_hls_inst_0_fast_ip_fast_ip_Pipeline_col_loop_p_ZZ7fast_ipRN3hls6streamINS_4axisI7ap_uintILi32EELbkb_69 |          0 |          0 |       0 |    0 |   0 |      0 |      1 |          0 |
|           p_ZZ7fast_ipRN3hls6streamINS_4axisI7ap_uintILi32EELm0ELm0ELm0ELh56ELb0EEELi0EEES6_63_U  |  bd_0_hls_inst_0_fast_ip_fast_ip_Pipeline_col_loop_p_ZZ7fast_ipRN3hls6streamINS_4axisI7ap_uintILi32EELbkb_70 |         16 |         16 |       0 |    0 |   0 |      0 |      1 |          0 |
|           p_ZZ7fast_ipRN3hls6streamINS_4axisI7ap_uintILi32EELm0ELm0ELm0ELh56ELb0EEELi0EEES6_64_U  |  bd_0_hls_inst_0_fast_ip_fast_ip_Pipeline_col_loop_p_ZZ7fast_ipRN3hls6streamINS_4axisI7ap_uintILi32EELbkb_71 |          1 |          1 |       0 |    0 |   0 |      0 |      1 |          0 |
|           p_ZZ7fast_ipRN3hls6streamINS_4axisI7ap_uintILi32EELm0ELm0ELm0ELh56ELb0EEELi0EEES6_65_U  |  bd_0_hls_inst_0_fast_ip_fast_ip_Pipeline_col_loop_p_ZZ7fast_ipRN3hls6streamINS_4axisI7ap_uintILi32EELbkb_72 |          9 |          9 |       0 |    0 |   0 |      0 |      1 |          0 |
|           p_ZZ7fast_ipRN3hls6streamINS_4axisI7ap_uintILi32EELm0ELm0ELm0ELh56ELb0EEELi0EEES6_66_U  |  bd_0_hls_inst_0_fast_ip_fast_ip_Pipeline_col_loop_p_ZZ7fast_ipRN3hls6streamINS_4axisI7ap_uintILi32EELbkb_73 |          9 |          9 |       0 |    0 |   0 |      0 |      1 |          0 |
|           p_ZZ7fast_ipRN3hls6streamINS_4axisI7ap_uintILi32EELm0ELm0ELm0ELh56ELb0EEELi0EEES6_67_U  |  bd_0_hls_inst_0_fast_ip_fast_ip_Pipeline_col_loop_p_ZZ7fast_ipRN3hls6streamINS_4axisI7ap_uintILi32EELbkb_74 |         17 |         17 |       0 |    0 |   0 |      0 |      1 |          0 |
|           p_ZZ7fast_ipRN3hls6streamINS_4axisI7ap_uintILi32EELm0ELm0ELm0ELh56ELb0EEELi0EEES6_68_U  |  bd_0_hls_inst_0_fast_ip_fast_ip_Pipeline_col_loop_p_ZZ7fast_ipRN3hls6streamINS_4axisI7ap_uintILi32EELbkb_75 |          1 |          1 |       0 |    0 |   0 |      0 |      1 |          0 |
|           p_ZZ7fast_ipRN3hls6streamINS_4axisI7ap_uintILi32EELm0ELm0ELm0ELh56ELb0EEELi0EEES6_69_U  |  bd_0_hls_inst_0_fast_ip_fast_ip_Pipeline_col_loop_p_ZZ7fast_ipRN3hls6streamINS_4axisI7ap_uintILi32EELbkb_76 |          9 |          9 |       0 |    0 |   0 |      0 |      1 |          0 |
|           p_ZZ7fast_ipRN3hls6streamINS_4axisI7ap_uintILi32EELm0ELm0ELm0ELh56ELb0EEELi0EEES6_6_U   |  bd_0_hls_inst_0_fast_ip_fast_ip_Pipeline_col_loop_p_ZZ7fast_ipRN3hls6streamINS_4axisI7ap_uintILi32EELbkb_77 |         21 |         21 |       0 |    0 |   0 |      0 |      1 |          0 |
|           p_ZZ7fast_ipRN3hls6streamINS_4axisI7ap_uintILi32EELm0ELm0ELm0ELh56ELb0EEELi0EEES6_70_U  |  bd_0_hls_inst_0_fast_ip_fast_ip_Pipeline_col_loop_p_ZZ7fast_ipRN3hls6streamINS_4axisI7ap_uintILi32EELbkb_78 |          9 |          9 |       0 |    0 |   0 |      0 |      1 |          0 |
|           p_ZZ7fast_ipRN3hls6streamINS_4axisI7ap_uintILi32EELm0ELm0ELm0ELh56ELb0EEELi0EEES6_71_U  |  bd_0_hls_inst_0_fast_ip_fast_ip_Pipeline_col_loop_p_ZZ7fast_ipRN3hls6streamINS_4axisI7ap_uintILi32EELbkb_79 |          9 |          9 |       0 |    0 |   0 |      0 |      1 |          0 |
|           p_ZZ7fast_ipRN3hls6streamINS_4axisI7ap_uintILi32EELm0ELm0ELm0ELh56ELb0EEELi0EEES6_72_U  |  bd_0_hls_inst_0_fast_ip_fast_ip_Pipeline_col_loop_p_ZZ7fast_ipRN3hls6streamINS_4axisI7ap_uintILi32EELbkb_80 |         20 |         20 |       0 |    0 |   0 |      0 |      1 |          0 |
|           p_ZZ7fast_ipRN3hls6streamINS_4axisI7ap_uintILi32EELm0ELm0ELm0ELh56ELb0EEELi0EEES6_73_U  |  bd_0_hls_inst_0_fast_ip_fast_ip_Pipeline_col_loop_p_ZZ7fast_ipRN3hls6streamINS_4axisI7ap_uintILi32EELbkb_81 |          9 |          9 |       0 |    0 |   0 |      0 |      1 |          0 |
|           p_ZZ7fast_ipRN3hls6streamINS_4axisI7ap_uintILi32EELm0ELm0ELm0ELh56ELb0EEELi0EEES6_74_U  |  bd_0_hls_inst_0_fast_ip_fast_ip_Pipeline_col_loop_p_ZZ7fast_ipRN3hls6streamINS_4axisI7ap_uintILi32EELbkb_82 |          1 |          1 |       0 |    0 |   0 |      0 |      1 |          0 |
|           p_ZZ7fast_ipRN3hls6streamINS_4axisI7ap_uintILi32EELm0ELm0ELm0ELh56ELb0EEELi0EEES6_75_U  |  bd_0_hls_inst_0_fast_ip_fast_ip_Pipeline_col_loop_p_ZZ7fast_ipRN3hls6streamINS_4axisI7ap_uintILi32EELbkb_83 |          9 |          9 |       0 |    0 |   0 |      0 |      1 |          0 |
|           p_ZZ7fast_ipRN3hls6streamINS_4axisI7ap_uintILi32EELm0ELm0ELm0ELh56ELb0EEELi0EEES6_76_U  |  bd_0_hls_inst_0_fast_ip_fast_ip_Pipeline_col_loop_p_ZZ7fast_ipRN3hls6streamINS_4axisI7ap_uintILi32EELbkb_84 |          9 |          9 |       0 |    0 |   0 |      0 |      1 |          0 |
|           p_ZZ7fast_ipRN3hls6streamINS_4axisI7ap_uintILi32EELm0ELm0ELm0ELh56ELb0EEELi0EEES6_77_U  |  bd_0_hls_inst_0_fast_ip_fast_ip_Pipeline_col_loop_p_ZZ7fast_ipRN3hls6streamINS_4axisI7ap_uintILi32EELbkb_85 |          9 |          9 |       0 |    0 |   0 |      0 |      1 |          0 |
|           p_ZZ7fast_ipRN3hls6streamINS_4axisI7ap_uintILi32EELm0ELm0ELm0ELh56ELb0EEELi0EEES6_78_U  |  bd_0_hls_inst_0_fast_ip_fast_ip_Pipeline_col_loop_p_ZZ7fast_ipRN3hls6streamINS_4axisI7ap_uintILi32EELbkb_86 |          1 |          1 |       0 |    0 |   0 |      0 |      1 |          0 |
|           p_ZZ7fast_ipRN3hls6streamINS_4axisI7ap_uintILi32EELm0ELm0ELm0ELh56ELb0EEELi0EEES6_79_U  |  bd_0_hls_inst_0_fast_ip_fast_ip_Pipeline_col_loop_p_ZZ7fast_ipRN3hls6streamINS_4axisI7ap_uintILi32EELbkb_87 |         25 |         25 |       0 |    0 |   0 |      0 |      1 |          0 |
|           p_ZZ7fast_ipRN3hls6streamINS_4axisI7ap_uintILi32EELm0ELm0ELm0ELh56ELb0EEELi0EEES6_7_U   |  bd_0_hls_inst_0_fast_ip_fast_ip_Pipeline_col_loop_p_ZZ7fast_ipRN3hls6streamINS_4axisI7ap_uintILi32EELbkb_88 |         25 |         25 |       0 |    0 |   0 |      0 |      1 |          0 |
|           p_ZZ7fast_ipRN3hls6streamINS_4axisI7ap_uintILi32EELm0ELm0ELm0ELh56ELb0EEELi0EEES6_80_U  |  bd_0_hls_inst_0_fast_ip_fast_ip_Pipeline_col_loop_p_ZZ7fast_ipRN3hls6streamINS_4axisI7ap_uintILi32EELbkb_89 |          9 |          9 |       0 |    0 |   0 |      0 |      1 |          0 |
|           p_ZZ7fast_ipRN3hls6streamINS_4axisI7ap_uintILi32EELm0ELm0ELm0ELh56ELb0EEELi0EEES6_81_U  |  bd_0_hls_inst_0_fast_ip_fast_ip_Pipeline_col_loop_p_ZZ7fast_ipRN3hls6streamINS_4axisI7ap_uintILi32EELbkb_90 |          1 |          1 |       0 |    0 |   0 |      0 |      1 |          0 |
|           p_ZZ7fast_ipRN3hls6streamINS_4axisI7ap_uintILi32EELm0ELm0ELm0ELh56ELb0EEELi0EEES6_82_U  |  bd_0_hls_inst_0_fast_ip_fast_ip_Pipeline_col_loop_p_ZZ7fast_ipRN3hls6streamINS_4axisI7ap_uintILi32EELbkb_91 |          9 |          9 |       0 |    0 |   0 |      0 |      1 |          0 |
|           p_ZZ7fast_ipRN3hls6streamINS_4axisI7ap_uintILi32EELm0ELm0ELm0ELh56ELb0EEELi0EEES6_83_U  |  bd_0_hls_inst_0_fast_ip_fast_ip_Pipeline_col_loop_p_ZZ7fast_ipRN3hls6streamINS_4axisI7ap_uintILi32EELbkb_92 |          1 |          1 |       0 |    0 |   0 |      0 |      1 |          0 |
|           p_ZZ7fast_ipRN3hls6streamINS_4axisI7ap_uintILi32EELm0ELm0ELm0ELh56ELb0EEELi0EEES6_84_U  |  bd_0_hls_inst_0_fast_ip_fast_ip_Pipeline_col_loop_p_ZZ7fast_ipRN3hls6streamINS_4axisI7ap_uintILi32EELbkb_93 |          9 |          9 |       0 |    0 |   0 |      0 |      1 |          0 |
|           p_ZZ7fast_ipRN3hls6streamINS_4axisI7ap_uintILi32EELm0ELm0ELm0ELh56ELb0EEELi0EEES6_85_U  |  bd_0_hls_inst_0_fast_ip_fast_ip_Pipeline_col_loop_p_ZZ7fast_ipRN3hls6streamINS_4axisI7ap_uintILi32EELbkb_94 |          1 |          1 |       0 |    0 |   0 |      0 |      1 |          0 |
|           p_ZZ7fast_ipRN3hls6streamINS_4axisI7ap_uintILi32EELm0ELm0ELm0ELh56ELb0EEELi0EEES6_86_U  |  bd_0_hls_inst_0_fast_ip_fast_ip_Pipeline_col_loop_p_ZZ7fast_ipRN3hls6streamINS_4axisI7ap_uintILi32EELbkb_95 |          9 |          9 |       0 |    0 |   0 |      0 |      1 |          0 |
|           p_ZZ7fast_ipRN3hls6streamINS_4axisI7ap_uintILi32EELm0ELm0ELm0ELh56ELb0EEELi0EEES6_87_U  |  bd_0_hls_inst_0_fast_ip_fast_ip_Pipeline_col_loop_p_ZZ7fast_ipRN3hls6streamINS_4axisI7ap_uintILi32EELbkb_96 |          1 |          1 |       0 |    0 |   0 |      0 |      1 |          0 |
|           p_ZZ7fast_ipRN3hls6streamINS_4axisI7ap_uintILi32EELm0ELm0ELm0ELh56ELb0EEELi0EEES6_88_U  |  bd_0_hls_inst_0_fast_ip_fast_ip_Pipeline_col_loop_p_ZZ7fast_ipRN3hls6streamINS_4axisI7ap_uintILi32EELbkb_97 |         18 |         18 |       0 |    0 |   0 |      0 |      1 |          0 |
|           p_ZZ7fast_ipRN3hls6streamINS_4axisI7ap_uintILi32EELm0ELm0ELm0ELh56ELb0EEELi0EEES6_89_U  |  bd_0_hls_inst_0_fast_ip_fast_ip_Pipeline_col_loop_p_ZZ7fast_ipRN3hls6streamINS_4axisI7ap_uintILi32EELbkb_98 |          1 |          1 |       0 |    0 |   0 |      0 |      1 |          0 |
|           p_ZZ7fast_ipRN3hls6streamINS_4axisI7ap_uintILi32EELm0ELm0ELm0ELh56ELb0EEELi0EEES6_8_U   |  bd_0_hls_inst_0_fast_ip_fast_ip_Pipeline_col_loop_p_ZZ7fast_ipRN3hls6streamINS_4axisI7ap_uintILi32EELbkb_99 |         17 |         17 |       0 |    0 |   0 |      0 |      1 |          0 |
|           p_ZZ7fast_ipRN3hls6streamINS_4axisI7ap_uintILi32EELm0ELm0ELm0ELh56ELb0EEELi0EEES6_90_U  | bd_0_hls_inst_0_fast_ip_fast_ip_Pipeline_col_loop_p_ZZ7fast_ipRN3hls6streamINS_4axisI7ap_uintILi32EELbkb_100 |         25 |         25 |       0 |    0 |   0 |      0 |      1 |          0 |
|           p_ZZ7fast_ipRN3hls6streamINS_4axisI7ap_uintILi32EELm0ELm0ELm0ELh56ELb0EEELi0EEES6_91_U  | bd_0_hls_inst_0_fast_ip_fast_ip_Pipeline_col_loop_p_ZZ7fast_ipRN3hls6streamINS_4axisI7ap_uintILi32EELbkb_101 |          1 |          1 |       0 |    0 |   0 |      0 |      1 |          0 |
|           p_ZZ7fast_ipRN3hls6streamINS_4axisI7ap_uintILi32EELm0ELm0ELm0ELh56ELb0EEELi0EEES6_92_U  | bd_0_hls_inst_0_fast_ip_fast_ip_Pipeline_col_loop_p_ZZ7fast_ipRN3hls6streamINS_4axisI7ap_uintILi32EELbkb_102 |          9 |          9 |       0 |    0 |   0 |      0 |      1 |          0 |
|           p_ZZ7fast_ipRN3hls6streamINS_4axisI7ap_uintILi32EELm0ELm0ELm0ELh56ELb0EEELi0EEES6_93_U  | bd_0_hls_inst_0_fast_ip_fast_ip_Pipeline_col_loop_p_ZZ7fast_ipRN3hls6streamINS_4axisI7ap_uintILi32EELbkb_103 |          1 |          1 |       0 |    0 |   0 |      0 |      1 |          0 |
|           p_ZZ7fast_ipRN3hls6streamINS_4axisI7ap_uintILi32EELm0ELm0ELm0ELh56ELb0EEELi0EEES6_94_U  | bd_0_hls_inst_0_fast_ip_fast_ip_Pipeline_col_loop_p_ZZ7fast_ipRN3hls6streamINS_4axisI7ap_uintILi32EELbkb_104 |         33 |         33 |       0 |    0 |   0 |      0 |      1 |          0 |
|           p_ZZ7fast_ipRN3hls6streamINS_4axisI7ap_uintILi32EELm0ELm0ELm0ELh56ELb0EEELi0EEES6_95_U  | bd_0_hls_inst_0_fast_ip_fast_ip_Pipeline_col_loop_p_ZZ7fast_ipRN3hls6streamINS_4axisI7ap_uintILi32EELbkb_105 |         13 |         13 |       0 |    0 |   0 |      0 |      1 |          0 |
|           p_ZZ7fast_ipRN3hls6streamINS_4axisI7ap_uintILi32EELm0ELm0ELm0ELh56ELb0EEELi0EEES6_96_U  | bd_0_hls_inst_0_fast_ip_fast_ip_Pipeline_col_loop_p_ZZ7fast_ipRN3hls6streamINS_4axisI7ap_uintILi32EELbJp_106 |          8 |          8 |       0 |    0 |   0 |      0 |      1 |          0 |
|           p_ZZ7fast_ipRN3hls6streamINS_4axisI7ap_uintILi32EELm0ELm0ELm0ELh56ELb0EEELi0EEES6_97_U  | bd_0_hls_inst_0_fast_ip_fast_ip_Pipeline_col_loop_p_ZZ7fast_ipRN3hls6streamINS_4axisI7ap_uintILi32EELbJp_107 |         17 |         17 |       0 |    0 |   0 |      0 |      1 |          0 |
|           p_ZZ7fast_ipRN3hls6streamINS_4axisI7ap_uintILi32EELm0ELm0ELm0ELh56ELb0EEELi0EEES6_98_U  | bd_0_hls_inst_0_fast_ip_fast_ip_Pipeline_col_loop_p_ZZ7fast_ipRN3hls6streamINS_4axisI7ap_uintILi32EELbJp_108 |          9 |          9 |       0 |    0 |   0 |      0 |      1 |          0 |
|           p_ZZ7fast_ipRN3hls6streamINS_4axisI7ap_uintILi32EELm0ELm0ELm0ELh56ELb0EEELi0EEES6_99_U  | bd_0_hls_inst_0_fast_ip_fast_ip_Pipeline_col_loop_p_ZZ7fast_ipRN3hls6streamINS_4axisI7ap_uintILi32EELbJp_109 |         17 |         17 |       0 |    0 |   0 |      0 |      1 |          0 |
|           p_ZZ7fast_ipRN3hls6streamINS_4axisI7ap_uintILi32EELm0ELm0ELm0ELh56ELb0EEELi0EEES6_9_U   | bd_0_hls_inst_0_fast_ip_fast_ip_Pipeline_col_loop_p_ZZ7fast_ipRN3hls6streamINS_4axisI7ap_uintILi32EELbkb_110 |         17 |         17 |       0 |    0 |   0 |      0 |      1 |          0 |
|           p_ZZ7fast_ipRN3hls6streamINS_4axisI7ap_uintILi32EELm0ELm0ELm0ELh56ELb0EEELi0EEES6_U     | bd_0_hls_inst_0_fast_ip_fast_ip_Pipeline_col_loop_p_ZZ7fast_ipRN3hls6streamINS_4axisI7ap_uintILi32EELbkb_111 |          9 |          9 |       0 |    0 |   0 |      0 |      1 |          0 |
|         regslice_both_dst_axi_V_data_V_U                                                          |                                                                        bd_0_hls_inst_0_fast_ip_regslice_both |         25 |         25 |       0 |    0 |   7 |      0 |      0 |          0 |
|         regslice_both_dst_axi_V_keep_V_U                                                          |                                                        bd_0_hls_inst_0_fast_ip_regslice_both__parameterized0 |          5 |          5 |       0 |    0 |   5 |      0 |      0 |          0 |
|         regslice_both_dst_axi_V_last_V_U                                                          |                                                        bd_0_hls_inst_0_fast_ip_regslice_both__parameterized1 |          5 |          5 |       0 |    0 |   5 |      0 |      0 |          0 |
|         regslice_both_dst_axi_V_strb_V_U                                                          |                                                      bd_0_hls_inst_0_fast_ip_regslice_both__parameterized0_0 |          5 |          5 |       0 |    0 |   5 |      0 |      0 |          0 |
|         regslice_both_src_axi_V_data_V_U                                                          |                                                                      bd_0_hls_inst_0_fast_ip_regslice_both_1 |         13 |         13 |       0 |    0 |  21 |      0 |      0 |          0 |
+---------------------------------------------------------------------------------------------------+--------------------------------------------------------------------------------------------------------------+------------+------------+---------+------+-----+--------+--------+------------+


